<?xml version="1.0" encoding="UTF-8"?>
<testsuites name="jest tests" tests="1" failures="0" errors="0" time="0.243">
  <testsuite name="undefined" errors="0" failures="0" skipped="0" timestamp="2025-05-21T14:17:00" time="0.209" tests="1">
    <testcase classname=" adds 1 + 2 to equal 3" name=" adds 1 + 2 to equal 3" time="0.001">
    </testcase>
  </testsuite>
</testsuites>